2026-08-08 14:51:03 | INFO     | src.data_loader | Loaded dataset with shape (200, 5) from C:\Users\meet1\Downloads\ML FINAL PROJECT\mall-customer-clustering\data\mall_customers.csv
2026-08-08 14:51:03 | INFO     | src.preprocessing | Selected clustering features ['Annual_Income', 'Spending_Score'] -> shape (200, 2)
2026-08-08 14:51:06 | INFO     | src.preprocessing | Evaluated k=3..8 -> [{'cluster': 3, 'WCSS_Score': 106348.37306211119, 'Silhouette_Score': 0.46761358158775435}, {'cluster': 4, 'WCSS_Score': 73880.64496247197, 'Silhouette_Score': 0.4937945814354117}, {'cluster': 5, 'WCSS_Score': 44448.45544793371, 'Silhouette_Score': 0.553931997444648}, {'cluster': 6, 'WCSS_Score': 40825.16946386946, 'Silhouette_Score': 0.5128405328004378}, {'cluster': 7, 'WCSS_Score': 33642.57922077922, 'Silhouette_Score': 0.5017174409749505}, {'cluster': 8, 'WCSS_Score': 26686.837785187785, 'Silhouette_Score': 0.4962769338093321}]
2026-08-08 14:51:06 | INFO     | src.preprocessing | Best k by silhouette score: 5 (score=0.5539)
2026-08-08 14:51:06 | INFO     | __main__ | Training final KMeans with k=5
2026-08-08 14:51:06 | INFO     | __main__ | Saved clustering model to C:\Users\meet1\Downloads\ML FINAL PROJECT\mall-customer-clustering\models\cluster_model.pkl
2026-08-08 14:51:06 | INFO     | __main__ | Training pipeline finished in 2.63s
2026-08-08 14:51:26 | INFO     | src.predict | Loaded clustering model from C:\Users\meet1\Downloads\ML FINAL PROJECT\mall-customer-clustering\models\cluster_model.pkl
2026-08-08 14:51:26 | INFO     | src.data_loader | Loaded dataset with shape (200, 5) from C:\Users\meet1\Downloads\ML FINAL PROJECT\mall-customer-clustering\data\mall_customers.csv
2026-08-08 14:51:26 | INFO     | src.preprocessing | Selected clustering features ['Annual_Income', 'Spending_Score'] -> shape (200, 2)
2026-08-08 14:51:38 | INFO     | src.preprocessing | Selected clustering features ['Annual_Income', 'Spending_Score'] -> shape (200, 2)
2026-08-08 14:51:38 | INFO     | src.predict | Predicted cluster=0 (Mid income, mid spending)
2026-08-08 14:51:49 | INFO     | src.preprocessing | Selected clustering features ['Annual_Income', 'Spending_Score'] -> shape (200, 2)
2026-08-08 14:51:50 | INFO     | src.predict | Predicted cluster=1 (High income, high spending)
2026-08-08 14:52:01 | INFO     | src.preprocessing | Selected clustering features ['Annual_Income', 'Spending_Score'] -> shape (200, 2)
2026-08-08 14:52:02 | INFO     | src.predict | Predicted cluster=2 (Low income, high spending)
2026-08-08 14:52:38 | INFO     | src.preprocessing | Selected clustering features ['Annual_Income', 'Spending_Score'] -> shape (200, 2)
2026-08-08 14:52:38 | INFO     | src.predict | Predicted cluster=0 (Mid income, mid spending)
2026-08-08 14:52:54 | INFO     | src.preprocessing | Selected clustering features ['Annual_Income', 'Spending_Score'] -> shape (200, 2)
2026-08-08 14:52:55 | INFO     | src.predict | Predicted cluster=4 (Low income, low spending)
2026-08-08 14:53:06 | INFO     | src.preprocessing | Selected clustering features ['Annual_Income', 'Spending_Score'] -> shape (200, 2)
2026-08-08 14:53:06 | INFO     | src.predict | Predicted cluster=2 (Low income, high spending)
2026-08-08 14:53:07 | INFO     | src.preprocessing | Selected clustering features ['Annual_Income', 'Spending_Score'] -> shape (200, 2)
2026-08-08 14:53:08 | INFO     | src.predict | Predicted cluster=2 (Low income, high spending)
2026-08-08 14:53:09 | INFO     | src.preprocessing | Selected clustering features ['Annual_Income', 'Spending_Score'] -> shape (200, 2)
2026-08-08 14:53:09 | INFO     | src.predict | Predicted cluster=2 (Low income, high spending)
2026-08-08 14:53:09 | INFO     | src.preprocessing | Selected clustering features ['Annual_Income', 'Spending_Score'] -> shape (200, 2)
2026-08-08 14:53:09 | INFO     | src.preprocessing | Selected clustering features ['Annual_Income', 'Spending_Score'] -> shape (200, 2)
2026-08-08 14:53:10 | INFO     | src.preprocessing | Selected clustering features ['Annual_Income', 'Spending_Score'] -> shape (200, 2)
2026-08-08 14:53:11 | INFO     | src.predict | Predicted cluster=2 (Low income, high spending)
2026-08-08 14:53:15 | INFO     | src.preprocessing | Selected clustering features ['Annual_Income', 'Spending_Score'] -> shape (200, 2)
2026-08-08 14:53:15 | INFO     | src.predict | Predicted cluster=2 (Low income, high spending)
2026-08-08 14:53:19 | INFO     | src.preprocessing | Selected clustering features ['Annual_Income', 'Spending_Score'] -> shape (200, 2)
2026-08-08 14:53:20 | INFO     | src.predict | Predicted cluster=2 (Low income, high spending)
2026-08-08 14:53:23 | INFO     | src.preprocessing | Selected clustering features ['Annual_Income', 'Spending_Score'] -> shape (200, 2)
2026-08-08 14:53:23 | INFO     | src.preprocessing | Selected clustering features ['Annual_Income', 'Spending_Score'] -> shape (200, 2)
2026-08-08 14:53:23 | INFO     | src.preprocessing | Selected clustering features ['Annual_Income', 'Spending_Score'] -> shape (200, 2)
2026-08-08 14:53:24 | INFO     | src.predict | Predicted cluster=2 (Low income, high spending)
2026-08-08 14:53:38 | INFO     | src.preprocessing | Selected clustering features ['Annual_Income', 'Spending_Score'] -> shape (200, 2)
2026-08-08 14:53:38 | INFO     | src.predict | Predicted cluster=2 (Low income, high spending)
2026-08-08 14:53:47 | INFO     | src.preprocessing | Selected clustering features ['Annual_Income', 'Spending_Score'] -> shape (200, 2)
2026-08-08 14:53:47 | INFO     | src.predict | Predicted cluster=2 (Low income, high spending)
2026-08-08 14:53:49 | INFO     | src.preprocessing | Selected clustering features ['Annual_Income', 'Spending_Score'] -> shape (200, 2)
2026-08-08 14:53:50 | INFO     | src.predict | Predicted cluster=2 (Low income, high spending)
2026-08-08 14:53:55 | INFO     | src.preprocessing | Selected clustering features ['Annual_Income', 'Spending_Score'] -> shape (200, 2)
2026-08-08 14:53:56 | INFO     | src.predict | Predicted cluster=2 (Low income, high spending)
2026-08-08 14:53:56 | INFO     | src.preprocessing | Selected clustering features ['Annual_Income', 'Spending_Score'] -> shape (200, 2)
2026-08-08 14:53:57 | INFO     | src.predict | Predicted cluster=2 (Low income, high spending)
2026-08-08 14:54:00 | INFO     | src.preprocessing | Selected clustering features ['Annual_Income', 'Spending_Score'] -> shape (200, 2)
2026-08-08 14:54:00 | INFO     | src.predict | Predicted cluster=2 (Low income, high spending)
2026-08-08 14:54:01 | INFO     | src.preprocessing | Selected clustering features ['Annual_Income', 'Spending_Score'] -> shape (200, 2)
2026-08-08 14:54:01 | INFO     | src.preprocessing | Selected clustering features ['Annual_Income', 'Spending_Score'] -> shape (200, 2)
2026-08-08 14:54:02 | INFO     | src.preprocessing | Selected clustering features ['Annual_Income', 'Spending_Score'] -> shape (200, 2)
2026-08-08 14:54:02 | INFO     | src.preprocessing | Selected clustering features ['Annual_Income', 'Spending_Score'] -> shape (200, 2)
2026-08-08 14:54:02 | INFO     | src.preprocessing | Selected clustering features ['Annual_Income', 'Spending_Score'] -> shape (200, 2)
2026-08-08 14:54:03 | INFO     | src.predict | Predicted cluster=2 (Low income, high spending)
2026-08-08 14:54:12 | INFO     | src.preprocessing | Selected clustering features ['Annual_Income', 'Spending_Score'] -> shape (200, 2)
2026-08-08 14:54:12 | INFO     | src.predict | Predicted cluster=2 (Low income, high spending)
2026-08-08 14:54:12 | INFO     | src.preprocessing | Selected clustering features ['Annual_Income', 'Spending_Score'] -> shape (200, 2)
2026-08-08 14:54:13 | INFO     | src.preprocessing | Selected clustering features ['Annual_Income', 'Spending_Score'] -> shape (200, 2)
2026-08-08 14:54:13 | INFO     | src.predict | Predicted cluster=2 (Low income, high spending)
2026-08-08 14:54:19 | INFO     | src.preprocessing | Selected clustering features ['Annual_Income', 'Spending_Score'] -> shape (200, 2)
2026-08-08 14:54:19 | INFO     | src.predict | Predicted cluster=2 (Low income, high spending)
